

                             _   _
                            (_) | |
      __ _   _ __   __   __  _  | |
     / _` | | '_ \  \ \ / / | | | |
    | (_| | | | | |  \ V /  | | | |
     \__,_| |_| |_|   \_/   |_| |_|

    1.3.5-stable (9979a41b5d 2025-09-09T04:48:08.305566906Z)
    https://github.com/foundry-rs/foundry

Available Accounts
==================

(0) 0xf39Fd6e51aad88F6F4ce6aB8827279cffFb92266 (10000.000000000000000000 ETH)
(1) 0x70997970C51812dc3A010C7d01b50e0d17dc79C8 (10000.000000000000000000 ETH)
(2) 0x3C44CdDdB6a900fa2b585dd299e03d12FA4293BC (10000.000000000000000000 ETH)
(3) 0x90F79bf6EB2c4f870365E785982E1f101E93b906 (10000.000000000000000000 ETH)
(4) 0x15d34AAf54267DB7D7c367839AAf71A00a2C6A65 (10000.000000000000000000 ETH)
(5) 0x9965507D1a55bcC2695C58ba16FB37d819B0A4dc (10000.000000000000000000 ETH)
(6) 0x976EA74026E726554dB657fA54763abd0C3a0aa9 (10000.000000000000000000 ETH)
(7) 0x14dC79964da2C08b23698B3D3cc7Ca32193d9955 (10000.000000000000000000 ETH)
(8) 0x23618e81E3f5cdF7f54C3d65f7FBc0aBf5B21E8f (10000.000000000000000000 ETH)
(9) 0xa0Ee7A142d267C1f36714E4a8F75612F20a79720 (10000.000000000000000000 ETH)

Private Keys
==================

(0) 0xac0974bec39a17e36ba4a6b4d238ff944bacb478cbed5efcae784d7bf4f2ff80
(1) 0x59c6995e998f97a5a0044966f0945389dc9e86dae88c7a8412f4603b6b78690d
(2) 0x5de4111afa1a4b94908f83103eb1f1706367c2e68ca870fc3fb9a804cdab365a
(3) 0x7c852118294e51e653712a81e05800f419141751be58f605c371e15141b007a6
(4) 0x47e179ec197488593b187f80a00eb0da91f1b9d0b13f8733639f19c30a34926a
(5) 0x8b3a350cf5c34c9194ca85829a2df0ec3153be0318b5e2d3348e872092edffba
(6) 0x92db14e403b83dfe3df233f83dfa3a0d7096f21ca9b0d6d6b8d88b2b4ec1564e
(7) 0x4bbbf85ce3377467afe5d46f804f221813b2bb87f24d81f60f1fcdbf7cbf4356
(8) 0xdbda1821b80551c9d65939329250298aa3472ba22feea921c0cf5d620ea67b97
(9) 0x2a871d0798f97d79848a013d4936a73bf4cc922c825d33c1cf7073dff6d409c6

Wallet
==================
Mnemonic:          test test test test test test test test test test test junk
Derivation path:   m/44'/60'/0'/0/


Chain ID
==================

31338

Base Fee
==================

1000000000

Gas Limit
==================

30000000

Genesis Timestamp
==================

1761394264

Genesis Number
==================

0

Listening on 0.0.0.0:8546
eth_blockNumber
eth_chainId
eth_getTransactionCount
eth_estimateGas
eth_feeHistory
eth_sendRawTransaction
eth_blockNumber
eth_getBlockByNumber

    Transaction: 0xefb06dbd8d61a7523750d3773f2fc04e1f42e62c74feddc3126e96c312aa3367
    Contract created: 0x5FbDB2315678afecb367f032d93F642f64180aa3
    Gas used: 2240423

    Block Number: 1
    Block Hash: 0x692e37c4b15fd7b1c362dee5ae933943d5ffb657f6676c676438f356123230d4
    Block Time: "Sat, 25 Oct 2025 12:11:10 +0000"

eth_getTransactionReceipt
eth_getTransactionReceipt
eth_chainId
eth_getTransactionCount
eth_call
eth_chainId
eth_getTransactionCount
eth_call
eth_chainId
eth_getTransactionCount
eth_feeHistory
eth_sendRawTransaction
eth_blockNumber
eth_getTransactionReceipt

    Transaction: 0x2869454e52efa90077ea64d8310e3d1bdbe98ebbb9856c56e97bb52aa37c8030
    Gas used: 62330

    Block Number: 2
    Block Hash: 0x3cb65935fe03907849abfa7795c68e6ad996645f22f3ab51f19b19faebdd6d13
    Block Time: "Sat, 25 Oct 2025 12:29:40 +0000"

eth_getBlockByNumber
eth_getTransactionReceipt
eth_getTransactionReceipt
eth_chainId
eth_getTransactionCount
eth_call
eth_call
eth_getTransactionCount
eth_getBlockByNumber
eth_maxPriorityFeePerGas
eth_sendRawTransaction

    Transaction: 0xd3dd23384459372e8c879a8855107d20ae577af8cc599954e726e34b024e215c
    Gas used: 62330

    Block Number: 3
    Block Hash: 0x854f7b29639f8228742e0854138f2731d8ee34592c97f1349085686dbf50d129
    Block Time: "Sat, 25 Oct 2025 12:29:57 +0000"

eth_getTransactionReceipt
eth_call
eth_chainId
eth_getTransactionCount
eth_call
eth_chainId
eth_getTransactionCount
eth_call
